[0] = Albert Thomson
[1] = John Smith
[2] = Mandy Harris
