[
    {
        "FirstName": "Mandy",
        "LastName": "Harris"
    },
    {
        "FirstName": "John",
        "LastName": "Smith"
    },
    {
        "FirstName": "Albert",
        "LastName": "Thomson"
    }
]